[0m18:56:56.002697 [debug] [MainThread]: Sending event: {'category': 'dbt', 'action': 'invocation', 'label': 'start', 'context': [<snowplow_tracker.self_describing_json.SelfDescribingJson object at 0x0000016EDAA90590>, <snowplow_tracker.self_describing_json.SelfDescribingJson object at 0x0000016ED803CE10>, <snowplow_tracker.self_describing_json.SelfDescribingJson object at 0x0000016EDCF9BB10>]}


============================== 18:56:56.011370 | 1493c466-f595-4d6a-a3f3-9f1dc43efae8 ==============================
[0m18:56:56.011370 [info ] [MainThread]: Running with dbt=1.12.0
[0m18:56:56.012196 [debug] [MainThread]: running dbt with arguments {'version_check': 'True', 'no_print': 'None', 'maximum_seed_size_mib': '1', 'target_path': 'None', 'warn_error_options': 'WarnErrorOptionsV2(error=[], warn=[], silence=[])', 'static_parser': 'True', 'printer_width': '80', 'write_json': 'True', 'introspect': 'True', 'log_cache_events': 'False', 'empty': 'None', 'cache_selected_only': 'False', 'log_format': 'default', 'debug': 'False', 'fail_fast': 'False', 'profiles_dir': 'C:\\Users\\megan\\.dbt', 'send_anonymous_usage_stats': 'True', 'quiet': 'False', 'warn_error': 'None', 'partial_parse': 'True', 'use_colors': 'True', 'hints_enabled': 'True', 'indirect_selection': 'eager', 'use_experimental_parser': 'False', 'invocation_command': 'dbt init trinity_dbt', 'log_path': 'logs'}
[0m18:56:56.058448 [info ] [MainThread]: Creating dbt configuration folder at C:\Users\megan\.dbt
[0m18:56:56.063684 [debug] [MainThread]: Starter project path: C:\Users\megan\AppData\Local\Programs\Python\Python314\Lib\site-packages\dbt\include\starter_project
[0m18:56:56.166928 [info ] [MainThread]: Setting up your profile.
[0m19:00:04.203970 [info ] [MainThread]: Profile trinity_dbt written to C:\Users\megan\.dbt\profiles.yml using target's profile_template.yml and your supplied values.
[0m19:00:04.268277 [info ] [MainThread]: Running dbt debug to validate the project...
[0m19:00:04.275642 [info ] [MainThread]: dbt version: 1.12.0
[0m19:00:04.277181 [info ] [MainThread]: python version: 3.14.5
[0m19:00:04.278023 [info ] [MainThread]: python path: C:\Users\megan\AppData\Local\Programs\Python\Python314\python.exe
[0m19:00:04.278868 [info ] [MainThread]: os info: Windows-11-10.0.26200-SP0
[0m19:00:04.561018 [info ] [MainThread]: Using profiles dir at C:\Users\megan\.dbt
[0m19:00:04.561924 [info ] [MainThread]: Using profiles.yml file at C:\Users\megan\.dbt\profiles.yml
[0m19:00:04.562317 [info ] [MainThread]: Using dbt_project.yml file at C:\Users\megan\trinity-metro-pipeline\trinity_dbt\dbt_project.yml
[0m19:00:04.563882 [info ] [MainThread]: adapter type: postgres
[0m19:00:04.564248 [info ] [MainThread]: adapter version: 1.11.0
[0m19:00:04.720074 [info ] [MainThread]: Configuration:
[0m19:00:04.720828 [info ] [MainThread]:   profiles.yml file [[32mOK found and valid[0m]
[0m19:00:04.721348 [info ] [MainThread]:   dbt_project.yml file [[32mOK found and valid[0m]
[0m19:00:04.721758 [info ] [MainThread]: Required dependencies:
[0m19:00:04.722466 [debug] [MainThread]: Executing "git --help"
[0m19:00:04.799858 [debug] [MainThread]: STDOUT: "b"usage: git [-v | --version] [-h | --help] [-C <path>] [-c <name>=<value>]\n           [--exec-path[=<path>]] [--html-path] [--man-path] [--info-path]\n           [-p | --paginate | -P | --no-pager] [--no-replace-objects] [--no-lazy-fetch]\n           [--no-optional-locks] [--no-advice] [--bare] [--git-dir=<path>]\n           [--work-tree=<path>] [--namespace=<name>] [--config-env=<name>=<envvar>]\n           <command> [<args>]\n\nThese are common Git commands used in various situations:\n\nstart a working area (see also: git help tutorial)\n   clone      Clone a repository into a new directory\n   init       Create an empty Git repository or reinitialize an existing one\n\nwork on the current change (see also: git help everyday)\n   add        Add file contents to the index\n   mv         Move or rename a file, a directory, or a symlink\n   restore    Restore working tree files\n   rm         Remove files from the working tree and from the index\n\nexamine the history and state (see also: git help revisions)\n   bisect     Use binary search to find the commit that introduced a bug\n   diff       Show changes between commits, commit and working tree, etc\n   grep       Print lines matching a pattern\n   log        Show commit logs\n   show       Show various types of objects\n   status     Show the working tree status\n\ngrow, mark and tweak your common history\n   backfill   Download missing objects in a partial clone\n   branch     List, create, or delete branches\n   commit     Record changes to the repository\n   merge      Join two or more development histories together\n   rebase     Reapply commits on top of another base tip\n   reset      Set `HEAD` or the index to a known state\n   switch     Switch branches\n   tag        Create, list, delete or verify tags\n\ncollaborate (see also: git help workflows)\n   fetch      Download objects and refs from another repository\n   pull       Fetch from and integrate with another repository or a local branch\n   push       Update remote refs along with associated objects\n\n'git help -a' and 'git help -g' list available subcommands and some\nconcept guides. See 'git help <command>' or 'git help <concept>'\nto read about a specific subcommand or concept.\nSee 'git help git' for an overview of the system.\n""
[0m19:00:04.801232 [debug] [MainThread]: STDERR: "b''"
[0m19:00:04.802076 [info ] [MainThread]:  - git [[32mOK found[0m]

[0m19:00:04.802631 [info ] [MainThread]: Connection:
[0m19:00:04.803594 [info ] [MainThread]:   host: localhost
[0m19:00:04.804081 [info ] [MainThread]:   port: 5432
[0m19:00:04.804535 [info ] [MainThread]:   user: postgres
[0m19:00:04.805057 [info ] [MainThread]:   database: trinity_metro
[0m19:00:04.805653 [info ] [MainThread]:   schema: staging
[0m19:00:04.806175 [info ] [MainThread]:   connect_timeout: 10
[0m19:00:04.806632 [info ] [MainThread]:   role: None
[0m19:00:04.807170 [info ] [MainThread]:   search_path: None
[0m19:00:04.807825 [info ] [MainThread]:   keepalives_idle: 0
[0m19:00:04.808457 [info ] [MainThread]:   sslmode: None
[0m19:00:04.809059 [info ] [MainThread]:   sslcert: None
[0m19:00:04.809661 [info ] [MainThread]:   sslkey: None
[0m19:00:04.810163 [info ] [MainThread]:   sslrootcert: None
[0m19:00:04.810766 [info ] [MainThread]:   application_name: dbt
[0m19:00:04.811274 [info ] [MainThread]:   autocommit: False
[0m19:00:04.811806 [info ] [MainThread]:   retries: 1
[0m19:00:04.813652 [info ] [MainThread]: Registered adapter: postgres=1.11.0
[0m19:00:05.669640 [debug] [MainThread]: Acquiring new postgres connection 'debug'
[0m19:00:09.033610 [debug] [MainThread]: Using postgres connection "debug"
[0m19:00:09.034144 [debug] [MainThread]: On debug: select 1 as id
[0m19:00:09.034726 [debug] [MainThread]: Opening a new connection, currently in state init
[0m19:00:09.161327 [debug] [MainThread]: SQL status: SELECT 1 in 0.127 seconds
[0m19:00:09.162969 [debug] [MainThread]: On debug: Close
[0m19:00:09.163423 [info ] [MainThread]:   Connection test: [[32mOK connection ok[0m]

[0m19:00:09.164002 [info ] [MainThread]: [32mAll checks passed![0m
[0m19:00:09.164835 [info ] [MainThread]: Your new dbt project "trinity_dbt" was created!
Initialized new project in C:\Users\megan\trinity-metro-pipeline\trinity_dbt\trinity_dbt

For more information on how to configure the profiles.yml file,
please consult the dbt documentation here:

  https://docs.getdbt.com/docs/configure-your-profile

One more thing:

Need help? Don't hesitate to reach out to us via GitHub issues or on Slack:

  https://community.getdbt.com/

Happy modeling!

[0m19:00:09.167636 [debug] [MainThread]: Command `dbt init` succeeded at 19:00:09.166724 after 193.42 seconds
[0m19:00:09.168353 [debug] [MainThread]: Connection 'debug' was properly closed.
[0m19:00:09.169918 [debug] [MainThread]: Sending event: {'category': 'dbt', 'action': 'invocation', 'label': 'end', 'context': [<snowplow_tracker.self_describing_json.SelfDescribingJson object at 0x0000016EDCDDF100>, <snowplow_tracker.self_describing_json.SelfDescribingJson object at 0x0000016EDD5EBBF0>, <snowplow_tracker.self_describing_json.SelfDescribingJson object at 0x0000016EDB265AE0>]}
[0m19:00:09.171488 [debug] [MainThread]: Flushing usage events
[0m19:00:10.297473 [debug] [MainThread]: An error was encountered while trying to flush usage events
